[INFO] Scanning for projects...
[INFO] 
[INFO] ------------------< com.ayurvault:ayurvault-backend >-------------------
[INFO] Building  0.0.1-SNAPSHOT
[INFO]   from pom.xml
[INFO] --------------------------------[ jar ]---------------------------------
[INFO] 
[INFO] --- resources:3.3.1:resources (default-resources) @ ayurvault-backend ---
[INFO] Copying 1 resource from src\main\resources to target\classes
[INFO] Copying 0 resource from src\main\resources to target\classes
[INFO] 
[INFO] --- compiler:3.14.1:compile (default-compile) @ ayurvault-backend ---
[INFO] Recompiling the module because of changed source code.
[INFO] Compiling 13 source files with javac [debug parameters release 17] to target\classes
[INFO] Annotation processing is enabled because one or more processors were found
  on the class path. A future release of javac may disable annotation processing
  unless at least one processor is specified by name (-processor), or a search
  path is specified (--processor-path, --processor-module-path), or annotation
  processing is enabled explicitly (-proc:only, -proc:full).
  Use -Xlint:-options to suppress this message.
  Use -proc:none to disable annotation processing.
[INFO] /D:/project/AyurVault/backend/src/main/java/com/ayurvault/security/JwtAuthenticationFilter.java: D:\project\AyurVault\backend\src\main\java\com\ayurvault\security\JwtAuthenticationFilter.java uses or overrides a deprecated API.
[INFO] /D:/project/AyurVault/backend/src/main/java/com/ayurvault/security/JwtAuthenticationFilter.java: Recompile with -Xlint:deprecation for details.
[INFO] -------------------------------------------------------------
[ERROR] COMPILATION ERROR : 
[INFO] -------------------------------------------------------------
[ERROR] /D:/project/AyurVault/backend/src/main/java/com/ayurvault/config/SecurityConfig.java:[52,50] constructor DaoAuthenticationProvider in class org.springframework.security.authentication.dao.DaoAuthenticationProvider cannot be applied to given types;
  required: org.springframework.security.core.userdetails.UserDetailsService
  found:    no arguments
  reason: actual and formal argument lists differ in length
[ERROR] /D:/project/AyurVault/backend/src/main/java/com/ayurvault/config/SecurityConfig.java:[53,21] cannot find symbol
  symbol:   method setUserDetailsService(org.springframework.security.core.userdetails.UserDetailsService)
  location: variable authProvider of type org.springframework.security.authentication.dao.DaoAuthenticationProvider
[INFO] 2 errors 
[INFO] -------------------------------------------------------------
[INFO] ------------------------------------------------------------------------
[INFO] BUILD FAILURE
[INFO] ------------------------------------------------------------------------
[INFO] Total time:  7.439 s
[INFO] Finished at: 2026-03-27T15:53:11+05:30
[INFO] ------------------------------------------------------------------------
[ERROR] Failed to execute goal org.apache.maven.plugins:maven-compiler-plugin:3.14.1:compile (default-compile) on project ayurvault-backend: Compilation failure: Compilation failure: 
[ERROR] /D:/project/AyurVault/backend/src/main/java/com/ayurvault/config/SecurityConfig.java:[52,50] constructor DaoAuthenticationProvider in class org.springframework.security.authentication.dao.DaoAuthenticationProvider cannot be applied to given types;
[ERROR]   required: org.springframework.security.core.userdetails.UserDetailsService
[ERROR]   found:    no arguments
[ERROR]   reason: actual and formal argument lists differ in length
[ERROR] /D:/project/AyurVault/backend/src/main/java/com/ayurvault/config/SecurityConfig.java:[53,21] cannot find symbol
[ERROR]   symbol:   method setUserDetailsService(org.springframework.security.core.userdetails.UserDetailsService)
[ERROR]   location: variable authProvider of type org.springframework.security.authentication.dao.DaoAuthenticationProvider
[ERROR] -> [Help 1]
[ERROR] 
[ERROR] To see the full stack trace of the errors, re-run Maven with the -e switch.
[ERROR] Re-run Maven using the -X switch to enable full debug logging.
[ERROR] 
[ERROR] For more information about the errors and possible solutions, please read the following articles:
[ERROR] [Help 1] http://cwiki.apache.org/confluence/display/MAVEN/MojoFailureException
